// Jest Snapshot v1, https://goo.gl/fbAQLP

exports[`NewWoBtn component test snapshot test 1`] = `
<button
  className="float-add-btn"
  id="newWO"
  onClick={[MockFunction]}
  type="button"
>
  <i
    className="mdi-content-add fa-lg"
  />
</button>
`;
