// Jest Snapshot v1, https://goo.gl/fbAQLP

exports[`Loading component test snapshot test 1`] = `
<div
  className="wrap"
  style={
    Object {
      "height": "100%",
    }
  }
>
  <div
    className="spinWrap"
    style={
      Object {
        "display": "block",
      }
    }
  >
    <div
      className="loader spin"
      style={
        Object {
          "width": 50,
        }
      }
    >
      <svg
        className="circular"
        viewBox="25 25 50 50"
      >
        <circle
          className="path"
          cx="50"
          cy="50"
          fill="none"
          r="20"
          stroke-miterlimit="10"
          stroke-width={3}
        />
      </svg>
    </div>
  </div>
</div>
`;
